
> WatchVsWatch@0.1.0 prebuild
> npm run validate


> WatchVsWatch@0.1.0 validate
> tsx scripts/validate-integrity.ts


≡ƒöì Check 1: Guides index completeness
   Found 16 guide(s)
   Γ£à All guide slugs are valid and unique

≡ƒöì Check 2: Watch slug references in comparison-tiers.json
   Found 156 comparison pair(s)
   Γ£à All comparison watch slugs exist in watches.json

≡ƒöì Check 3: Watch slug references in guides
   Found 99 recommendation(s) across guides
   Γ£à All guide recommendation watch slugs exist in watches.json

≡ƒöì Check 4: Comparison-tiers integrity
   Tier distribution: T1=52, T2=92, T3=12 (total: 156)
   Found 30 comparison meta description(s) in comparisons.ts
   Γ£à All comparison-tiers integrity checks passed

ΓòÉΓòÉΓòÉΓòÉΓòÉΓòÉΓòÉΓòÉΓòÉΓòÉΓòÉΓòÉΓòÉΓòÉΓòÉΓòÉΓòÉΓòÉΓòÉΓòÉΓòÉΓòÉΓòÉΓòÉΓòÉΓòÉΓòÉΓòÉΓòÉΓòÉΓòÉΓòÉΓòÉΓòÉΓòÉΓòÉΓòÉΓòÉΓòÉΓòÉΓòÉΓòÉΓòÉΓòÉΓòÉΓòÉΓòÉΓòÉΓòÉΓòÉΓòÉΓòÉΓòÉΓòÉΓòÉΓòÉΓòÉΓòÉΓòÉΓòÉ

Γ£à ALL CHECKS PASSED ΓÇö content integrity verified


> WatchVsWatch@0.1.0 build
> next build

  Γû▓ Next.js 14.2.35
  - Environments: .env.local

   Creating an optimized production build ...
 Γ£ô Compiled successfully
   Linting and checking validity of types ...
Failed to compile.

./app/api/photos/all/route.ts:42:14
Type error: Function declarations are not allowed inside blocks in strict mode when targeting 'ES5'. Modules are automatically in strict mode.

  40 |
  41 |     // Un-slugify a watchId as a display fallback (e.g. "tudor-black-bay-54" ΓåÆ "Tudor Black Bay 54")
> 42 |     function unslugify(slug: string): string {
     |              ^
  43 |       return slug.split('-').map((w) => w.charAt(0).toUpperCase() + w.slice(1)).join(' ')
  44 |     }
  45 |
Next.js build worker exited with code: 1 and signal: null
